
> sevi-web@0.1.0 dev
> vite --host 127.0.0.1 --port 5173 --strictPort

[2m7:22:13 AM[22m [36m[1m[vite][22m[39m [90m[2m(client)[22m[39m Re-optimizing dependencies because lockfile has changed

  [32m[1mVITE[22m v6.4.2[39m  [2mready in [0m[1m772[22m[2m[0m ms[22m

  [32m➜[39m  [1mLocal[22m:   [36mhttp://127.0.0.1:[1m5173[22m/[39m
[2m7:29:38 AM[22m [36m[1m[vite][22m[39m [90m[2m(client)[22m[39m [32mhmr update [39m[2m/styles/index.css, /app/components/ChatMessage.tsx[22m
[2m8:26:38 AM[22m [36m[1m[vite][22m[39m [90m[2m(client)[22m[39m [32mhmr update [39m[2m/app/components/ChatMessage.tsx, /styles/index.css[22m
[2m8:26:44 AM[22m [36m[1m[vite][22m[39m [90m[2m(client)[22m[39m [32mhmr update [39m[2m/app/components/ChatMessage.tsx, /styles/index.css[22m
[2m10:16:25 AM[22m [36m[1m[vite][22m[39m [90m[2m(client)[22m[39m [32mhmr update [39m[2m/app/App.tsx, /styles/index.css, /app/components/AdminDashboard.tsx[22m
[2m10:16:31 AM[22m [36m[1m[vite][22m[39m [90m[2m(client)[22m[39m [32mpage reload [39m[2mapp/lib/types.ts[22m
[2m10:16:37 AM[22m [36m[1m[vite][22m[39m [90m[2m(client)[22m[39m [32mhmr update [39m[2m/app/App.tsx, /styles/index.css[22m
[2m10:16:43 AM[22m [36m[1m[vite][22m[39m [90m[2m(client)[22m[39m [32mhmr update [39m[2m/app/components/ChatMessage.tsx, /styles/index.css[22m
[2m10:16:52 AM[22m [36m[1m[vite][22m[39m [90m[2m(client)[22m[39m [32mhmr update [39m[2m/app/components/ChatMessage.tsx, /styles/index.css[22m
[2m10:16:57 AM[22m [36m[1m[vite][22m[39m [90m[2m(client)[22m[39m [32mhmr update [39m[2m/app/components/ChatMessage.tsx, /styles/index.css[22m
[2m10:17:13 AM[22m [36m[1m[vite][22m[39m [90m[2m(client)[22m[39m [32mhmr update [39m[2m/app/components/ChatMessage.tsx, /styles/index.css[22m
[2m10:22:51 AM[22m [36m[1m[vite][22m[39m [90m[2m(client)[22m[39m [32mhmr update [39m[2m/app/App.tsx, /styles/index.css, /app/components/AdminDashboard.tsx[22m
[2m10:23:08 AM[22m [36m[1m[vite][22m[39m [90m[2m(client)[22m[39m [32mpage reload [39m[2mapp/lib/types.ts[22m
[2m10:24:12 AM[22m [36m[1m[vite][22m[39m [90m[2m(client)[22m[39m [32mhmr update [39m[2m/app/components/ChatMessage.tsx, /styles/index.css[22m
[2m10:24:55 AM[22m [36m[1m[vite][22m[39m [90m[2m(client)[22m[39m [32mhmr update [39m[2m/app/components/ChatMessage.tsx, /styles/index.css[22m
[2m10:25:09 AM[22m [36m[1m[vite][22m[39m [90m[2m(client)[22m[39m [32mhmr update [39m[2m/app/components/ChatMessage.tsx, /styles/index.css[22m
[2m10:25:17 AM[22m [36m[1m[vite][22m[39m [90m[2m(client)[22m[39m [32mhmr update [39m[2m/app/components/ChatMessage.tsx, /styles/index.css[22m
[2m10:25:24 AM[22m [36m[1m[vite][22m[39m [90m[2m(client)[22m[39m [32mhmr update [39m[2m/app/components/ChatMessage.tsx, /styles/index.css[22m
[2m10:25:46 AM[22m [36m[1m[vite][22m[39m [90m[2m(client)[22m[39m [32mhmr update [39m[2m/app/App.tsx, /styles/index.css[22m
[2m11:36:11 AM[22m [36m[1m[vite][22m[39m [90m[2m(client)[22m[39m [32mhmr update [39m[2m/styles/index.css, /@fs/C:\Users\user\Documents\POC\SeviWeb\app\components\CampusMap.tsx[22m
[2m11:36:55 AM[22m [36m[1m[vite][22m[39m [90m[2m(client)[22m[39m [32mhmr update [39m[2m/@fs/C:\Users\user\Documents\POC\SeviWeb\app\components\CampusMap.tsx, /styles/index.css[22m
[2m11:44:50 AM[22m [36m[1m[vite][22m[39m [90m[2m(client)[22m[39m [32mhmr update [39m[2m/@fs/C:\Users\user\Documents\POC\SeviWeb\app\components\CampusMap.tsx, /styles/index.css[22m
[2m11:48:35 AM[22m [36m[1m[vite][22m[39m [90m[2m(client)[22m[39m [32mhmr update [39m[2m/styles/index.css, /@fs/C:\Users\user\Documents\POC\SeviWeb\app\components\CampusMap.tsx[22m
[2m11:49:50 AM[22m [36m[1m[vite][22m[39m [90m[2m(client)[22m[39m [32mhmr update [39m[2m/@fs/C:\Users\user\Documents\POC\SeviWeb\app\components\CampusMap.tsx, /styles/index.css[22m
[2m11:51:47 AM[22m [36m[1m[vite][22m[39m [90m[2m(client)[22m[39m [32mhmr update [39m[2m/@fs/C:\Users\user\Documents\POC\SeviWeb\app\components\CampusMap.tsx, /styles/index.css[22m
[2m11:55:43 AM[22m [36m[1m[vite][22m[39m [90m[2m(client)[22m[39m [32mhmr update [39m[2m/styles/index.css, /@fs/C:\Users\user\Documents\POC\SeviWeb\app\components\CampusMap.tsx[22m
[2m11:56:25 AM[22m [36m[1m[vite][22m[39m [90m[2m(client)[22m[39m [32mhmr update [39m[2m/styles/index.css, /@fs/C:\Users\user\Documents\POC\SeviWeb\app\components\CampusMap.tsx[22m
[2m11:56:49 AM[22m [36m[1m[vite][22m[39m [90m[2m(client)[22m[39m [32mhmr update [39m[2m/@fs/C:\Users\user\Documents\POC\SeviWeb\app\components\CampusMap.tsx, /styles/index.css[22m
[2m11:57:10 AM[22m [36m[1m[vite][22m[39m [90m[2m(client)[22m[39m [32mhmr update [39m[2m/@fs/C:\Users\user\Documents\POC\SeviWeb\app\components\CampusMap.tsx, /styles/index.css[22m
[2m12:06:46 PM[22m [36m[1m[vite][22m[39m [90m[2m(client)[22m[39m [32mhmr update [39m[2m/styles/index.css, /@fs/C:\Users\user\Documents\POC\SeviWeb\app\components\CampusMap.tsx[22m
[2m12:07:31 PM[22m [36m[1m[vite][22m[39m [90m[2m(client)[22m[39m [32mhmr update [39m[2m/styles/index.css, /@fs/C:\Users\user\Documents\POC\SeviWeb\app\components\CampusMap.tsx[22m
[2m12:08:46 PM[22m [36m[1m[vite][22m[39m [90m[2m(client)[22m[39m [32mhmr update [39m[2m/styles/index.css, /@fs/C:\Users\user\Documents\POC\SeviWeb\app\components\CampusMap.tsx[22m
[2m12:08:59 PM[22m [36m[1m[vite][22m[39m [90m[2m(client)[22m[39m [32mhmr update [39m[2m/styles/index.css, /@fs/C:\Users\user\Documents\POC\SeviWeb\app\components\CampusMap.tsx[22m
[2m12:09:36 PM[22m [36m[1m[vite][22m[39m [90m[2m(client)[22m[39m [32mhmr update [39m[2m/styles/index.css, /@fs/C:\Users\user\Documents\POC\SeviWeb\app\components\CampusMap.tsx[22m
[2m12:10:44 PM[22m [36m[1m[vite][22m[39m [90m[2m(client)[22m[39m [32mhmr update [39m[2m/styles/index.css, /@fs/C:\Users\user\Documents\POC\SeviWeb\app\components\CampusMap.tsx[22m
[2m12:11:01 PM[22m [36m[1m[vite][22m[39m [90m[2m(client)[22m[39m [32mhmr update [39m[2m/styles/index.css, /@fs/C:\Users\user\Documents\POC\SeviWeb\app\components\CampusMap.tsx[22m
[2m12:12:33 PM[22m [36m[1m[vite][22m[39m [90m[2m(client)[22m[39m [32mhmr update [39m[2m/styles/index.css, /@fs/C:\Users\user\Documents\POC\SeviWeb\app\components\CampusMap.tsx[22m
[2m12:19:37 PM[22m [36m[1m[vite][22m[39m [90m[2m(client)[22m[39m [32mhmr update [39m[2m/styles/index.css, /@fs/C:\Users\user\Documents\POC\SeviWeb\app\components\CampusMap.tsx[22m
[2m12:20:50 PM[22m [36m[1m[vite][22m[39m [90m[2m(client)[22m[39m [32mhmr update [39m[2m/styles/index.css, /@fs/C:\Users\user\Documents\POC\SeviWeb\app\components\CampusMap.tsx[22m
[2m12:23:14 PM[22m [36m[1m[vite][22m[39m [90m[2m(client)[22m[39m [32mhmr update [39m[2m/styles/index.css, /@fs/C:\Users\user\Documents\POC\SeviWeb\app\components\CampusMap.tsx[22m
[2m12:24:11 PM[22m [36m[1m[vite][22m[39m [90m[2m(client)[22m[39m [32mhmr update [39m[2m/styles/index.css, /@fs/C:\Users\user\Documents\POC\SeviWeb\app\components\CampusMap.tsx[22m
[2m12:24:24 PM[22m [36m[1m[vite][22m[39m [90m[2m(client)[22m[39m [32mhmr update [39m[2m/styles/index.css, /@fs/C:\Users\user\Documents\POC\SeviWeb\app\components\CampusMap.tsx[22m
[2m12:29:55 PM[22m [36m[1m[vite][22m[39m [90m[2m(client)[22m[39m [32mhmr update [39m[2m/@fs/C:\Users\user\Documents\POC\SeviWeb\app\components\CampusMap.tsx, /styles/index.css[22m
[2m12:30:18 PM[22m [36m[1m[vite][22m[39m [90m[2m(client)[22m[39m [32mhmr update [39m[2m/@fs/C:\Users\user\Documents\POC\SeviWeb\app\components\CampusMap.tsx, /styles/index.css[22m
[2m12:36:24 PM[22m [36m[1m[vite][22m[39m [90m[2m(client)[22m[39m [32mhmr update [39m[2m/app/components/ChatMessage.tsx, /styles/index.css[22m
[2m12:36:44 PM[22m [36m[1m[vite][22m[39m [90m[2m(client)[22m[39m [32mhmr update [39m[2m/app/components/ChatMessage.tsx, /styles/index.css[22m
[2m12:37:12 PM[22m [36m[1m[vite][22m[39m [90m[2m(client)[22m[39m [32mhmr update [39m[2m/@fs/C:\Users\user\Documents\POC\SeviWeb\app\components\CampusMap.tsx, /styles/index.css[22m
[2m12:37:54 PM[22m [36m[1m[vite][22m[39m [90m[2m(client)[22m[39m [32mhmr update [39m[2m/@fs/C:\Users\user\Documents\POC\SeviWeb\app\components\CampusMap.tsx, /styles/index.css[22m
[2m12:38:32 PM[22m [36m[1m[vite][22m[39m [90m[2m(client)[22m[39m [32mhmr update [39m[2m/@fs/C:\Users\user\Documents\POC\SeviWeb\app\components\CampusMap.tsx, /styles/index.css[22m
[2m12:39:25 PM[22m [36m[1m[vite][22m[39m [90m[2m(client)[22m[39m [32mhmr update [39m[2m/@fs/C:\Users\user\Documents\POC\SeviWeb\app\components\CampusMap.tsx, /styles/index.css[22m
[2m12:40:21 PM[22m [36m[1m[vite][22m[39m [90m[2m(client)[22m[39m [32mhmr update [39m[2m/@fs/C:\Users\user\Documents\POC\SeviWeb\app\components\CampusMap.tsx, /styles/index.css[22m
[2m1:58:13 PM[22m [36m[1m[vite][22m[39m [90m[2m(client)[22m[39m [32mhmr update [39m[2m/styles/index.css, /@fs/C:\Users\user\Documents\POC\SeviWeb\app\components\CampusMap.tsx[22m
[2m1:58:46 PM[22m [36m[1m[vite][22m[39m [90m[2m(client)[22m[39m [32mhmr update [39m[2m/@fs/C:\Users\user\Documents\POC\SeviWeb\app\components\CampusMap.tsx, /styles/index.css[22m
[2m2:00:34 PM[22m [36m[1m[vite][22m[39m [90m[2m(client)[22m[39m [32mhmr update [39m[2m/@fs/C:\Users\user\Documents\POC\SeviWeb\app\components\CampusMap.tsx, /styles/index.css[22m
[2m2:01:08 PM[22m [36m[1m[vite][22m[39m [90m[2m(client)[22m[39m [32mhmr update [39m[2m/@fs/C:\Users\user\Documents\POC\SeviWeb\app\components\CampusMap.tsx, /styles/index.css[22m
[2m2:28:08 PM[22m [36m[1m[vite][22m[39m [90m[2m(client)[22m[39m [32mhmr update [39m[2m/@fs/C:\Users\user\Documents\POC\SeviWeb\app\components\CampusMap.tsx, /styles/index.css[22m
[2m2:28:26 PM[22m [36m[1m[vite][22m[39m [90m[2m(client)[22m[39m [32mhmr update [39m[2m/@fs/C:\Users\user\Documents\POC\SeviWeb\app\components\CampusMap.tsx, /styles/index.css[22m
[2m2:32:08 PM[22m [36m[1m[vite][22m[39m [90m[2m(client)[22m[39m [32mhmr update [39m[2m/@fs/C:\Users\user\Documents\POC\SeviWeb\app\components\CampusMap.tsx, /styles/index.css[22m
[2m2:32:59 PM[22m [36m[1m[vite][22m[39m [90m[2m(client)[22m[39m [32mhmr update [39m[2m/@fs/C:\Users\user\Documents\POC\SeviWeb\app\components\CampusMap.tsx, /styles/index.css[22m
[2m2:34:46 PM[22m [36m[1m[vite][22m[39m [90m[2m(client)[22m[39m [32mhmr update [39m[2m/@fs/C:\Users\user\Documents\POC\SeviWeb\app\components\CampusMap.tsx, /styles/index.css[22m
[2m5:05:35 PM[22m [36m[1m[vite][22m[39m [32m.env changed, restarting server...[39m
[2m5:05:35 PM[22m [36m[1m[vite][22m[39m server restarted.
[2m5:16:52 PM[22m [36m[1m[vite][22m[39m [32m.env changed, restarting server...[39m
[2m5:16:53 PM[22m [36m[1m[vite][22m[39m server restarted.
[2m5:24:31 PM[22m [36m[1m[vite][22m[39m [32m.env changed, restarting server...[39m
[2m5:24:31 PM[22m [36m[1m[vite][22m[39m server restarted.
[2m5:25:16 PM[22m [36m[1m[vite][22m[39m [32m.env changed, restarting server...[39m
[2m5:25:16 PM[22m [36m[1m[vite][22m[39m server restarted.
